PHPUnit 9.6.34 by Sebastian Bergmann and contributors.

Runtime:       PHP 8.4.6
Configuration: C:\Users\prote\Documents\software-devel\KsfCache\phpunit.xml

.F........                                                        10 / 10 (100%)

Time: 00:14.626, Memory: 6.00 MB

There was 1 failure:

1) Ksfraser\KsfCache\Tests\CacheFactoryTest::testCreateDatabaseRequiresPDO
Failed asserting that exception of type "InvalidArgumentException" is thrown.

FAILURES!
Tests: 10, Assertions: 12, Failures: 1.
